SQL> spool
currently spooling to C:\ProjectD4\population1.txt
SQL> set echo on
SQL>   insert into tmb_category(category_number,names)
  2      values(101,'Books');

1 row created.

SQL> 
SQL>   insert into tmb_category(category_number,names)
  2      values(102,'Games');

1 row created.

SQL> 
SQL>   insert into tmb_category(category_number,names)
  2      values(103,'Art');

1 row created.

SQL> 
SQL>   insert into tmb_category(category_number,names)
  2      values(104,'Music');

1 row created.

SQL> 
SQL> 
SQL> --TMB_TAX_RATE--
SQL>   insert into tmb_tax_rate(tax_rate_id,province,tax_rate)
  2      values(12345,'AB','GST');

1 row created.

SQL> 
SQL>   insert into tmb_tax_rate(tax_rate_id,province,tax_rate)
  2      values(12346,'BC','PST');

1 row created.

SQL> 
SQL>   insert into tmb_tax_rate(tax_rate_id,province,tax_rate)
  2      values(12347,'ON','HST');

1 row created.

SQL> 
SQL>   insert into tmb_tax_rate(tax_rate_id,province,tax_rate)
  2      values(12348,'QC','GST');

1 row created.

SQL> 
SQL>   insert into tmb_tax_rate(tax_rate_id,province,tax_rate)
  2      values(12349,'AB','GST');

1 row created.

SQL> 
SQL>   insert into tmb_tax_rate(tax_rate_id,province,tax_rate)
  2      values(12341,'BC','PST');

1 row created.

SQL> 
SQL>   insert into tmb_tax_rate(tax_rate_id,province,tax_rate)
  2      values(11234,'AB','GST');

1 row created.

SQL> 
SQL> 
SQL> --TMB_SHIPPING_RATE--
SQL>   insert into tmb_shipping_rate(shipping_rate_id,shipping_cost,waight_kg)
  2      values(99,9.95,1);

1 row created.

SQL> 
SQL>   insert into tmb_shipping_rate(shipping_rate_id,shipping_cost,waight_kg)
  2      values(88,9.95,1);

1 row created.

SQL> 
SQL>   insert into tmb_shipping_rate(shipping_rate_id,shipping_cost,waight_kg)
  2      values(77,39.95,10);

1 row created.

SQL> 
SQL>   insert into tmb_shipping_rate(shipping_rate_id,shipping_cost,waight_kg)
  2      values(66,9.95,1);

1 row created.

SQL> 
SQL>   insert into tmb_shipping_rate(shipping_rate_id,shipping_cost,waight_kg)
  2      values(55,9.95,1);

1 row created.

SQL> 
SQL>   insert into tmb_shipping_rate(shipping_rate_id,shipping_cost,waight_kg)
  2      values(44,9.95,1);

1 row created.

SQL> 
SQL>   insert into tmb_shipping_rate(shipping_rate_id,shipping_cost,waight_kg)
  2      values(33,19.95,5);

1 row created.

SQL> 
SQL> 
SQL> --TMB_SUPPLIER--
SQL>   insert into tmb_supplier(supplier_number,supplier_name,email,city,province,country,country_subdivision_code)
  2      values(28439567,'John John Contracting and Ship.','JohnJohnCon@gmail.com','John Vill','AB','CA','AB-01');

1 row created.

SQL> 
SQL>   insert into tmb_supplier(supplier_number,supplier_name,email,city,province,country,country_subdivision_code)
  2      values(2948532,'Impossibly Good Shipping.co','GoodGoods@gmail.com','Vancouver','BC','CA','BC-03');

1 row created.

SQL> 
SQL>   insert into tmb_supplier(supplier_number,supplier_name,email,city,province,country,country_subdivision_code)
  2      values(38592038,'Dream Shipping','SleepNowShipLater@gmail.com','LA','ON','CA','ON-09');

1 row created.

SQL> 
SQL> 
SQL> --TMB_PRODUCTS--
SQL>   insert into tmb_products(product_number,category_number,title,description_,price,waight_kg,tax_exempt_flag)
  2      values(1935,101,'To Kill A Mockingbird','Great, Fun, Must read',12.99,1,0);

1 row created.

SQL> 
SQL>   insert into tmb_products(product_number,category_number,title,description_,price,waight_kg,tax_exempt_flag)
  2      values(2394,102,'Call of Duty Modern Warfare III','Graphic, CD',89.99,1,0);

1 row created.

SQL> 
SQL>   insert into tmb_products(product_number,category_number,title,description_,price,waight_kg,tax_exempt_flag)
  2      values(5869,103,'Mona Lisa','Priceless',25.99,10,1);

1 row created.

SQL> 
SQL>   insert into tmb_products(product_number,category_number,title,description_,price,waight_kg,tax_exempt_flag)
  2      values(3395,104,'All Ghibli OST','GOAT, Record',99.99,1,0);

1 row created.

SQL> 
SQL>   insert into tmb_products(product_number,category_number,title,description_,price,waight_kg,tax_exempt_flag)
  2      values(2834,101,'1984','Cool, Nice',14.99,1,0);

1 row created.

SQL> 
SQL>   insert into tmb_products(product_number,category_number,title,description_,price,waight_kg,tax_exempt_flag)
  2      values(4956,102,'Mincraft','Best, CD',19.99,1,0);

1 row created.

SQL> 
SQL>   insert into tmb_products(product_number,category_number,title,description_,price,waight_kg,tax_exempt_flag)
  2      values(6032,103,'Starring Night','Priceless',21.99,5,1);

1 row created.

SQL> 
SQL>   insert into tmb_products(product_number,category_number,title,description_,price,waight_kg,tax_exempt_flag)
  2      values(1123,104,'Triller Vinyl MJ','The Best Record',38.99,1,0);

1 row created.

SQL> 
SQL> 
SQL> 
SQL> 
SQL> --TMB_ORDER_ITEMS--
SQL>   insert into tmb_order_items(order_number,product_number,order_quantity)
  2      values(283,1935,2);
  insert into tmb_order_items(order_number,product_number,order_quantity)
*
ERROR at line 1:
ORA-02291: integrity constraint (CPRG250.SYS_TMB_ORDER_ITEM_ORDER_NUMBER_FK) violated - parent key not found 


SQL> 
SQL>   insert into tmb_order_items(order_number,product_number,order_quantity)
  2      values(384,2394,1);
  insert into tmb_order_items(order_number,product_number,order_quantity)
*
ERROR at line 1:
ORA-02291: integrity constraint (CPRG250.SYS_TMB_ORDER_ITEM_ORDER_NUMBER_FK) violated - parent key not found 


SQL> 
SQL>   insert into tmb_order_items(order_number,product_number,order_quantity)
  2      values(847,5869,1);
  insert into tmb_order_items(order_number,product_number,order_quantity)
*
ERROR at line 1:
ORA-02291: integrity constraint (CPRG250.SYS_TMB_ORDER_ITEM_ORDER_NUMBER_FK) violated - parent key not found 


SQL> 
SQL>   insert into tmb_order_items(order_number,product_number,order_quantity)
  2      values(239,3395,3);
  insert into tmb_order_items(order_number,product_number,order_quantity)
*
ERROR at line 1:
ORA-02291: integrity constraint (CPRG250.SYS_TMB_ORDER_ITEM_ORDER_NUMBER_FK) violated - parent key not found 


SQL> 
SQL>   insert into tmb_order_items(order_number,product_number,order_quantity)
  2      values(839,2834,1);
  insert into tmb_order_items(order_number,product_number,order_quantity)
*
ERROR at line 1:
ORA-02291: integrity constraint (CPRG250.SYS_TMB_ORDER_ITEM_ORDER_NUMBER_FK) violated - parent key not found 


SQL> 
SQL>   insert into tmb_order_items(order_number,product_number,order_quantity)
  2      values(125,4956,5);
  insert into tmb_order_items(order_number,product_number,order_quantity)
*
ERROR at line 1:
ORA-02291: integrity constraint (CPRG250.SYS_TMB_ORDER_ITEM_ORDER_NUMBER_FK) violated - parent key not found 


SQL> 
SQL>   insert into tmb_order_items(order_number,product_number,order_quantity)
  2      values(928,6032,2);
  insert into tmb_order_items(order_number,product_number,order_quantity)
*
ERROR at line 1:
ORA-02291: integrity constraint (CPRG250.SYS_TMB_ORDER_ITEM_ORDER_NUMBER_FK) violated - parent key not found 


SQL> 
SQL> 
SQL> 
SQL> --TMB_CUSTOMERS--
SQL>   insert into tmb_customers(customer_number,address_,city,province,postal_code,phone_number,email,review_date,timber_membership)
  2      values(33,'1251 Random Close','Red Deer','AB','T4B9A4','587-123-4985','John@gmail.com',to_date('12/3/2022','MM/DD/YYYY'),1);

1 row created.

SQL> 
SQL>   insert into tmb_customers(customer_number,address_,city,province,postal_code,phone_number,email,review_date,timber_membership)
  2      values(12,'583 John John Road','Mississippi','BC','A7AO82','825-193-8409','Serah@gmail.com',to_date('2/6/2022','MM/DD/YYYY'),1);

1 row created.

SQL> 
SQL>   insert into tmb_customers(customer_number,address_,city,province,postal_code,phone_number,email,review_date,timber_membership)
  2      values(9,'8893 Bayside SW','Chicken Vill','ON','Y9Y3O4','403-691-0036','Ligma@gmail.com',to_date('6/6/2022','MM/DD/YYYY'),0);

1 row created.

SQL> 
SQL>   insert into tmb_customers(customer_number,address_,city,province,postal_code,phone_number,email,review_date,timber_membership)
  2      values(15,'North Side SW','Farm Vill','QC','P4F3M9','203-957-8803','Kim@gmail.com',to_date('9/27/2022','MM/DD/YYYY'),1);

1 row created.

SQL> 
SQL>   insert into tmb_customers(customer_number,address_,city,province,postal_code,phone_number,email,review_date,timber_membership)
  2      values(21,'Angry Street','Pighouse','AB','T4B3K8','123-904-8765','Karen@gmail.com',to_date('4/1/2022','MM/DD/YYYY'),0);

1 row created.

SQL> 
SQL> 
SQL> --TMB_ORDERS--
SQL>   insert into tmb_orders(order_number,customer_number,tax_rate_id,shipping_rate_id,order_date,delivery_date)
  2      values(238,33,12345,99,to_date('1/1/2022', 'MM/DD/YYYY'),to_date('1/4/2022','MM/DD/YYYY'));

1 row created.

SQL> 
SQL>   insert into tmb_orders(order_number,customer_number,tax_rate_id,shipping_rate_id,order_date,delivery_date)
  2      values(384,12,12346,88,to_date('1/1/2022','MM/DD/YYYY'),to_date('1/4/2022','MM/DD/YYYY'));

1 row created.

SQL> 
SQL>   insert into tmb_orders(order_number,customer_number,tax_rate_id,shipping_rate_id,order_date,delivery_date)
  2      values(857,9,12347,77,to_date('1/1/2022','MM/DD/YYYY'),to_date('1/8/2022','MM/DD/YYYY'));

1 row created.

SQL> 
SQL>   insert into tmb_orders(order_number,customer_number,tax_rate_id,shipping_rate_id,order_date,delivery_date)
  2      values(239,15,12348,66,to_date('1/1/2022','MM/DD/YYYY'),to_date('1/3/2022','MM/DD/YYYY'));

1 row created.

SQL> 
SQL>   insert into tmb_orders(order_number,customer_number,tax_rate_id,shipping_rate_id,order_date,delivery_date)
  2      values(839,21,12349,55,to_date('1/1/2022','MM/DD/YYYY'),to_date('5/11/2022','MM/DD/YYYY'));

1 row created.

SQL> 
SQL>   insert into tmb_orders(order_number,customer_number,tax_rate_id,shipping_rate_id,order_date,delivery_date)
  2      values(125,12,12341,44,to_date('1/1/2022','MM/DD/YYYY'),to_date('1/5/2022','MM/DD/YYYY'));

1 row created.

SQL> 
SQL>   insert into tmb_orders(order_number,customer_number,tax_rate_id,shipping_rate_id,order_date,delivery_date)
  2      values(928,9,11234,33,to_date('1/1/2022','MM/DD/YYYY'),to_date('1/10/2022','MM/DD/YYYY'));

1 row created.

SQL> 
SQL> --TMB_REVIEWS--
SQL>   insert into tmb_reviews(review_number,customer_number,product_number,rating,comments,price,waight_kg,tax_exempt_flag)
  2      values(1,33,1935,5,'Beyond amazing...',12.99,1,0);

1 row created.

SQL> 
SQL>   insert into tmb_reviews(review_number,customer_number,product_number,rating,comments,price,waight_kg,tax_exempt_flag)
  2      values(2,12,2394,4,'Pretty Cool!',89.99,1,0);

1 row created.

SQL> 
SQL>   insert into tmb_reviews(review_number,customer_number,product_number,rating,comments,price,waight_kg,tax_exempt_flag)
  2      values(3,9,5869,3,'It was ok.',25.99,10,1);

1 row created.

SQL> 
SQL>   insert into tmb_reviews(review_number,customer_number,product_number,rating,comments,price,waight_kg,tax_exempt_flag)
  2      values(4,15,3395,2,'Dissapointed...',99.99,1,0);

1 row created.

SQL> 
SQL>   insert into tmb_reviews(review_number,customer_number,product_number,rating,comments,price,waight_kg,tax_exempt_flag)
  2      values(5,21,2834,1,'Manager...Now...',14.99,1,0);

1 row created.

SQL> 
SQL> 
SQL> 
SQL> --TMB_PRODUCT_SUPPLIER--
SQL>   insert into tmb_product_suppliers(product_number,supplier_number,quantity_on_hand,delivery_day)
  2      values(1935,38592038,5,3);

1 row created.

SQL> 
SQL>   insert into tmb_product_suppliers(product_number,supplier_number,quantity_on_hand,delivery_day)
  2      values(2394,28439567,3,3);

1 row created.

SQL> 
SQL>   insert into tmb_product_suppliers(product_number,supplier_number,quantity_on_hand,delivery_day)
  2      values(5869,2948532,1,7);

1 row created.

SQL> 
SQL>   insert into tmb_product_suppliers(product_number,supplier_number,quantity_on_hand,delivery_day)
  2      values(3395,28439567,10,2);

1 row created.

SQL> 
SQL>   insert into tmb_product_suppliers(product_number,supplier_number,quantity_on_hand,delivery_day)
  2      values(2834,38592038,6,10);

1 row created.

SQL> 
SQL>   insert into tmb_product_suppliers(product_number,supplier_number,quantity_on_hand,delivery_day)
  2      values(4956,98432567,17,1);
  insert into tmb_product_suppliers(product_number,supplier_number,quantity_on_hand,delivery_day)
*
ERROR at line 1:
ORA-02291: integrity constraint (CPRG250.SYS_PRODUCT_SUPPLIERS_FK2) violated - parent key not found 


SQL> 
SQL>   insert into tmb_product_suppliers(product_number,supplier_number,quantity_on_hand,delivery_day)
  2      values(6032,2948532,2,8);

1 row created.

SQL> 
SQL>   insert into tmb_product_suppliers(product_number,supplier_number,quantity_on_hand,delivery_day)
  2      values(1123,38592038,3,5);

1 row created.

SQL> 
SQL> 
SQL> 
SQL> 
SQL> 
SQL> 
SQL>   COMMIT;

Commit complete.

SQL> spool off
